// Jest Snapshot v1, https://goo.gl/fbAQLP

exports[`EditExpensePage snapshot should render correctly 1`] = `
<div>
  <ExpenseForm
    expense={
      Object {
        "amount": 10500,
        "createdAt": 0,
        "description": "Rent",
        "id": "1",
        "note": "",
      }
    }
    onSubmit={[Function]}
  />
  <button
    onClick={[Function]}
  >
    Remove
  </button>
</div>
`;
