// Jest Snapshot v1, https://goo.gl/fbAQLP

exports[`ExpenseListItem snapshot should render ExpenseListItem with expenses 1`] = `
<div>
  <h4>
    <Link
      replace={false}
      to="/edit/1"
    >
      Rent
    </Link>
  </h4>
  <p>
    Â£105.00
    -
    1st January 1970
  </p>
</div>
`;
